{
    "name": "test",
    "version": "1.0.0",
    "description": "",
    "main": "server.ts",
    "scripts": {
        "start": "nodemon --watch 'src/**/*.ts' --exec 'ts-node' src/server.ts",
        "build": "tsc -p tsconfig.json",
        "watch": "tsc -w",
        "lint": "tslint -c tslint.json -p tsconfig.json"
    },
    "author": "",
    "license": "ISC",
    "devDependencies": {
        "@babel/preset-typescript": "^7.3.3",
        "nodemon": "^1.19.0",
        "source-map-support": "^0.5.12",
        "ts-node": "^8.1.0"
    },
    "dependencies": {
        "@types/cors": "^2.8.6",
        "@types/express": "^4.16.1",
        "@types/mongodb": "^3.1.26",
        "@types/mongoose": "^5.5.0",
        "@types/node": "^11.13.10",
        "@babel/core": "^7.0.0",
        "body-parser": "^1.19.0",
        "cors": "^2.8.5",
        "express": "^4.16.4",
        "mongoose": "^5.5.7",
        "tslint": "^5.16.0",
        "typescript": "^3.4.5"
    }
}
