import express from "express";
import { Application, Request, Response } from "express";
import bodyParser from "body-parser";
import cors from "cors";

export const port: Number = parseInt(process.env.PORT) || 3000;
const app: Application = express();

app.use(cors());
app.use(bodyParser.json());

app.use((req: Request, res: Response) => {
    res.status(404).send({
        status: 404,
        message: "Invalid route"
    });
});

export { app };
