export interface ITest { 
    test: string;
    test2: string[];
}
